// Jest Snapshot v1, https://goo.gl/fbAQLP

exports[`Form 1`] = `
<div
  className="row"
>
  <div
    className="formBox col-12 max-width-970 formBoxDefault"
  >
    <h1
      className="form-component__title"
    >
      SelectCompany
    </h1>
    <form
      onSubmit={[Function]}
    >
      <div
        className="property-set row"
      >
        <div
          className="col-lg-12"
        >
          <div
            className="form-group property required"
          >
            <label
              className="form-control-label"
              htmlFor="companyIDField"
            >
              companyID
            </label>
            <div
              className="controls"
            >
              <input
                className="form-control"
                disabled={undefined}
                id="companyIDField"
                onChange={[Function]}
                placeholder={undefined}
                type="text"
                value=""
              />
            </div>
          </div>
        </div>
      </div>
      <div
        className="formActions"
      >
        <div>
          <button
            className="btn btn-primary"
            disabled={true}
            onClick={[Function]}
            type="button"
          >
            Submit
          </button>
           
        </div>
      </div>
    </form>
    <br />
  </div>
  <div
    className="col-12"
  />
</div>
`;
