// Jest Snapshot v1, https://goo.gl/fbAQLP

exports[`snapshot 1`] = `
<div>
  <div>
    <div
      className="s-alert-wrapper"
    />
  </div>
  <div
    className="SplitPane main-split-pane vertical "
    style={
      Object {
        "MozUserSelect": "text",
        "WebkitUserSelect": "text",
        "display": "flex",
        "flex": 1,
        "flexDirection": "row",
        "height": "100%",
        "left": 0,
        "msUserSelect": "text",
        "outline": "none",
        "overflow": "hidden",
        "position": "absolute",
        "right": 0,
        "userSelect": "text",
      }
    }
  >
    <div
      className="Pane vertical Pane1  "
      style={
        Object {
          "flex": "none",
          "outline": "none",
          "position": "relative",
          "width": 280,
        }
      }
    >
      <div
        className="side"
      >
        <div
          className="menuContainer"
        >
          <input
            className="searchField form-control"
            onChange={[Function]}
            placeholder="Filter..."
            type="text"
            value=""
          />
          <div
            className="menu"
          >
            <div
              className="menuNode"
            >
              <span
                className="rootMenuItem menuItemWithoutRef"
              >
                Loading...
              </span>
              <div />
            </div>
          </div>
        </div>
        <div
          className="menuFooter"
        >
          <img
            src={Object {}}
          />
        </div>
      </div>
    </div>
    <span
      className="Resizer vertical "
      onClick={[Function]}
      onDoubleClick={[Function]}
      onMouseDown={[Function]}
      onTouchEnd={[Function]}
      onTouchStart={[Function]}
      style={Object {}}
    />
    <div
      className="Pane vertical Pane2  "
      style={
        Object {
          "flex": 1,
          "outline": "none",
          "position": "relative",
        }
      }
    >
      <div
        className="document-content"
        id="document-content___MainDocument"
      />
    </div>
  </div>
</div>
`;
