// Jest Snapshot v1, https://goo.gl/fbAQLP

exports[`snapshot 1`] = `
<div
  className="errorPane"
>
  <div
    className="errorPane__error"
  >
    <h1
      className="errorPane__title"
    >
      404
       - 
      Query not found: testtable.Test 1D2
    </h1>
    <br />
    <pre
      className="errorPane__code"
      dangerouslySetInnerHTML={
        Object {
          "__html": "Be5Exception: Query not found: testtable.Test 1D2
 ",
        }
      }
    />
  </div>
</div>
`;
