// Jest Snapshot v1, https://goo.gl/fbAQLP

exports[`snapshot NavbarMenu 1`] = `
<nav
  className="navbar navbar-expand-md navbar-dark bg-dark"
>
  <div
    className="container"
  >
    <button
      className="navbar-toggler"
      onClick={[Function]}
      type="button"
    >
      <span
        className="navbar-toggler-icon"
      />
    </button>
    <div
      className="collapse navbar-collapse"
      style={Object {}}
    >
      <ul
        className="navbar-nav"
      >
        <li
          className="nav-item"
        >
          <a
            className="nav-link"
            href="#!static/welcome.be"
            onClick={[Function]}
          >
            Добро пожаловать
          </a>
        </li>
        <li
          className="dropdown nav-item"
          onKeyDown={[Function]}
        >
          <a
            aria-expanded={false}
            aria-haspopup={true}
            className="dropdown-toggle nav-link"
            href="#"
            onClick={[Function]}
          >
            Test table
          </a>
          <div
            aria-hidden={true}
            className="dropdown-menu"
            role="menu"
            tabIndex="-1"
          >
            <a
              className="dropdown-item"
              href="#!table/testtable/Test 1D"
              onClick={[Function]}
              tabIndex="0"
              type={undefined}
            >
              Test 1D
            </a>
            <a
              className="dropdown-item"
              href="#!table/testtable/Test 1D unknown"
              onClick={[Function]}
              tabIndex="0"
              type={undefined}
            >
              Test 1D unknown
            </a>
          </div>
        </li>
        <li
          className="nav-item"
        >
          <a
            className="nav-link"
            href="#!table/users/All records"
            onClick={[Function]}
          >
            Пользователи
          </a>
        </li>
        <li
          className="nav-item"
        >
          <a
            className="nav-link"
            href="#!logout"
            onClick={[Function]}
          >
            Выход
          </a>
        </li>
      </ul>
      <form
        className="form-inline ml-auto"
      >
        <div
          className="roleBox mr-sm-2 dropdown"
          id="RoleSelector"
          onKeyDown={[Function]}
        >
          <button
            aria-expanded={false}
            aria-haspopup={true}
            className="dropdown-toggle btn btn-secondary"
            onClick={[Function]}
            type="button"
          >
            Roles
          </button>
          <div
            aria-hidden={true}
            className="dropdown-menu"
            role="menu"
            tabIndex="-1"
          >
            <div
              className="role"
            >
              <input
                checked={false}
                id="Administrator-checkbox"
                onChange={[Function]}
                type="checkbox"
              />
              <label
                htmlFor="Administrator-checkbox"
              >
                <span
                  className="checkBox"
                />
                Administrator
              </label>
            </div>
            <div
              className="role"
            >
              <input
                checked={true}
                id="Manager-checkbox"
                onChange={[Function]}
                type="checkbox"
              />
              <label
                htmlFor="Manager-checkbox"
              >
                <span
                  className="checkBox"
                />
                Manager
              </label>
            </div>
            <div
              className="dropdown-divider"
              onClick={[Function]}
              tabIndex="-1"
              type={undefined}
            />
            <div
              className="roleBox_add-actions"
            >
              Выбрать:
               
              <button
                className="enable-all btn btn-primary btn-sm"
                onClick={[Function]}
                type="button"
              >
                Всё
              </button>
               
              <button
                className="disable-all btn btn-secondary btn-sm"
                onClick={[Function]}
                type="button"
              >
                Ничего
              </button>
            </div>
          </div>
        </div>
         
        <a
          className="btn btn-secondary"
          href="#!logout"
          onClick={[Function]}
          type={undefined}
        >
          Logout
        </a>
      </form>
    </div>
  </div>
</nav>
`;

exports[`snapshot menu 1`] = `
<div
  className="menuContainer"
>
  <input
    className="searchField form-control"
    onChange={[Function]}
    placeholder="Filter..."
    type="text"
    value=""
  />
  <div
    className="menu"
  >
    <div
      className="menuNode"
    >
      <a
        className="rootMenuItem menuItemWithRef"
        href="#!static/welcome.be"
        onClick={[Function]}
        target=""
      >
        Добро пожаловать
      </a>
      <div />
    </div>
    <div
      className="menuNode"
    >
      <span
        className="rootMenuItem menuItemWithoutRef"
      >
        Пользователи
      </span>
      <div />
      <ul>
        <li>
          <div
            className="menuNode"
          >
            <a
              className="menuItem menuItemWithRef"
              href="#!login"
              onClick={[Function]}
              target=""
            >
              Вход
            </a>
            <div />
          </div>
        </li>
      </ul>
    </div>
    <div
      className="menuNode"
    >
      <span
        className="rootMenuItem menuItemWithoutRef"
      >
        Услуги
      </span>
      <div />
      <ul>
        <li>
          <div
            className="menuNode"
          >
            <a
              className="menuItem menuItemWithRef"
              href="#!table/welfareGroups/Муниципальные услуги"
              onClick={[Function]}
              target=""
            >
              Муниципальные услуги
            </a>
            <div />
          </div>
        </li>
      </ul>
    </div>
  </div>
</div>
`;
