// Jest Snapshot v1, https://goo.gl/fbAQLP

exports[`performOperationResult finished 1`] = `
<div
  className="document-content"
  id="document-content___test"
>
  <div>
    <div
      dangerouslySetInnerHTML={
        Object {
          "__html": "Successfully completed.",
        }
      }
    />
  </div>
</div>
`;
