// Jest Snapshot v1, https://goo.gl/fbAQLP

exports[`snapshot 1`] = `
<div
  className="queryBuilder"
>
  <div
    className="row"
  >
    <div
      className="col-md-6"
    >
      <h1>
        Query Builder
      </h1>
      <div
        className="form-group form-check"
      >
        <input
          checked={false}
          className="form-check-input"
          id="updateWithoutBeSql"
          onChange={[Function]}
          type="checkbox"
        />
        <label
          className="form-check-label"
          htmlFor="updateWithoutBeSql"
        >
          raw sql
        </label>
      </div>
    </div>
    <div
      className="col-md-6"
    >
      <select
        multiple={true}
        onClick={[Function]}
        style={
          Object {
            "width": "100%",
          }
        }
      >
        <option
          value="select * from users"
        >
          select * from users
        </option>
      </select>
      <br />
      <br />
    </div>
  </div>
  <div
    className="SplitPane  horizontal "
    style={
      Object {
        "MozUserSelect": "text",
        "WebkitUserSelect": "text",
        "bottom": 0,
        "display": "flex",
        "flex": 1,
        "flexDirection": "column",
        "height": "100%",
        "minHeight": "100%",
        "msUserSelect": "text",
        "outline": "none",
        "overflow": "hidden",
        "position": "absolute",
        "top": 0,
        "userSelect": "text",
        "width": "100%",
      }
    }
  >
    <div
      className="Pane horizontal Pane1  "
      style={
        Object {
          "display": "flex",
          "flex": "none",
          "height": 300,
          "outline": "none",
          "position": "relative",
        }
      }
    >
      <div
        id="queryBuilder_editor"
        style={
          Object {
            "height": "100%",
            "width": "100%",
          }
        }
      />
    </div>
    <span
      className="Resizer horizontal "
      onClick={[Function]}
      onDoubleClick={[Function]}
      onMouseDown={[Function]}
      onTouchEnd={[Function]}
      onTouchStart={[Function]}
      style={Object {}}
    />
    <div
      className="Pane horizontal Pane2  "
      style={
        Object {
          "flex": 1,
          "outline": "none",
          "position": "relative",
        }
      }
    >
      <div>
        <button
          className="btn btn-primary btn-sm mt-2 mb-2"
          onClick={[Function]}
          title="Alt-Enter - submit, Ctrl + space - auto completion"
        >
          Submit
        </button>
        <div>
          <div
            className="document-content"
            id="document-content___queryBuilder-result"
          >
            <div>
              <div
                className="table-component companies_All-records"
              >
                <h1
                  className="table-component__title"
                >
                  Организации: Общие сведения
                </h1>
                <div
                  className="table-wrap"
                >
                  <div
                    id="quickColumns"
                  >
                    <span>
                      Other columns
                      :
                    </span>
                    <span>
                      <input
                        checked={false}
                        id="quick0"
                        onChange={[Function]}
                        type="checkbox"
                      />
                      <label
                        className="rowIndex"
                        htmlFor="quick0"
                      >
                        Наименование
                         
                      </label>
                    </span>
                  </div>
                  <div
                    className="row data-table-wrapper"
                  />
                </div>
              </div>
            </div>
          </div>
          <div>
            SELECT * FROM users
          </div>
          <br />
        </div>
      </div>
    </div>
  </div>
</div>
`;
