// Jest Snapshot v1, https://goo.gl/fbAQLP

exports[`snapshot sideBar 1`] = `
<div
  className="side"
>
  <div
    className="menuContainer"
  >
    <input
      className="searchField form-control"
      onChange={[Function]}
      placeholder="Filter..."
      type="text"
      value=""
    />
    <div
      className="menu"
    >
      <div
        className="menuNode"
      >
        <span
          className="rootMenuItem menuItemWithoutRef"
        >
          Loading...
        </span>
        <div />
      </div>
    </div>
  </div>
  <div
    className="menuFooter"
  >
    <img
      src={Object {}}
    />
  </div>
</div>
`;
