// Jest Snapshot v1, https://goo.gl/fbAQLP

exports[`snapshot sideBar 1`] = `
<div
  className="side-bar"
>
  <div
    className="menuContainer"
  >
    <input
      className="searchField form-control"
      onChange={[Function]}
      placeholder="Filter..."
      type="text"
      value=""
    />
    <p>
      Loading...
    </p>
  </div>
  <div
    className="menuFooter"
  >
    <img
      src={Object {}}
    />
  </div>
</div>
`;
