// Jest Snapshot v1, https://goo.gl/fbAQLP

exports[`snapshot 1`] = `
<div
  className="staticPage"
>
  <div
    className="staticPage__text"
  >
    Test
  </div>
  <div
    className="staticPage__text"
    dangerouslySetInnerHTML={
      Object {
        "__html": "test content",
      }
    }
  />
</div>
`;
